分类: 📺央视频道, 名称: CCTV-1, 有效: 2, IPv4: 38, IPv6: 0, 最小延迟: 269 ms, 最高速率: 4.44 M/s, 平均速率: 2.63 M/s, 最高分辨率: 1920x1080, 平均帧率: 37.50, 视频编解码器: h264, 音频编解码器: aac
分类: 📺央视频道, 名称: CCTV-2, 有效: 3, IPv4: 44, IPv6: 0, 最小延迟: 267 ms, 最高速率: 8.09 M/s, 平均速率: 5.97 M/s, 最高分辨率: 1920x1080, 平均帧率: 35.71, 视频编解码器: h264, 音频编解码器: aac
分类: 📺央视频道, 名称: CCTV-4, 有效: 5, IPv4: 42, IPv6: 0, 最小延迟: 282 ms, 最高速率: 13.24 M/s, 平均速率: 7.63 M/s, 最高分辨率: 1920x1080, 平均帧率: 25.00, 视频编解码器: h264, 音频编解码器: aac
分类: 📺央视频道, 名称: CCTV-3, 有效: 3, IPv4: 43, IPv6: 0, 最小延迟: 353 ms, 最高速率: 12.45 M/s, 平均速率: 6.73 M/s, 最高分辨率: 1920x1080, 平均帧率: 33.33, 视频编解码器: h264, 音频编解码器: aac
分类: 📺央视频道, 名称: CCTV-5, 有效: 4, IPv4: 46, IPv6: 0, 最小延迟: 224 ms, 最高速率: 7.51 M/s, 平均速率: 3.81 M/s, 最高分辨率: 1920x1080, 平均帧率: 30.56, 视频编解码器: h264, 音频编解码器: aac
分类: 📺央视频道, 名称: CCTV-5+, 有效: 3, IPv4: 25, IPv6: 0, 最小延迟: 243 ms, 最高速率: 11.85 M/s, 平均速率: 7.63 M/s, 最高分辨率: 1920x1080, 平均帧率: 31.25, 视频编解码器: h264, 音频编解码器: aac
分类: 📺央视频道, 名称: CCTV-6, 有效: 0, IPv4: 39, IPv6: 0, 最小延迟: 3704 ms, 最高速率: 0.19 M/s, 平均速率: 0.00 M/s, 最高分辨率: 1920x1080, 平均帧率: 25.00, 视频编解码器: h264, 音频编解码器: aac
分类: 📺央视频道, 名称: CCTV-7, 有效: 5, IPv4: 42, IPv6: 0, 最小延迟: 213 ms, 最高速率: 12.21 M/s, 平均速率: 5.69 M/s, 最高分辨率: 1920x1080, 平均帧率: 38.64, 视频编解码器: h264, 音频编解码器: aac
分类: 📺央视频道, 名称: CCTV-9, 有效: 5, IPv4: 49, IPv6: 0, 最小延迟: 150 ms, 最高速率: 16.02 M/s, 平均速率: 11.30 M/s, 最高分辨率: 1920x1080, 平均帧率: 26.00, 视频编解码器: h264, 音频编解码器: aac
分类: 📺央视频道, 名称: CCTV-8, 有效: 5, IPv4: 36, IPv6: 0, 最小延迟: 350 ms, 最高速率: 12.10 M/s, 平均速率: 8.44 M/s, 最高分辨率: 1920x1080, 平均帧率: 25.00, 视频编解码器: h264, 音频编解码器: aac
分类: 📺央视频道, 名称: CCTV-10, 有效: 2, IPv4: 38, IPv6: 0, 最小延迟: 288 ms, 最高速率: 6.86 M/s, 平均速率: 3.69 M/s, 最高分辨率: 1920x1080, 平均帧率: 45.83, 视频编解码器: h264, 音频编解码器: mp2
分类: 📺央视频道, 名称: CCTV-11, 有效: 0, IPv4: 36, IPv6: 0, 最小延迟: 1906 ms, 最高速率: 0.90 M/s, 平均速率: 0.00 M/s, 最高分辨率: 1920x1080, 平均帧率: 45.00, 视频编解码器: h264, 音频编解码器: mp2
分类: 📺央视频道, 名称: CCTV-12, 有效: 5, IPv4: 36, IPv6: 0, 最小延迟: 149 ms, 最高速率: 6.38 M/s, 平均速率: 3.65 M/s, 最高分辨率: 1920x1080, 平均帧率: 27.00, 视频编解码器: h264, 音频编解码器: aac
分类: 📺央视频道, 名称: CCTV-13, 有效: 2, IPv4: 39, IPv6: 0, 最小延迟: 238 ms, 最高速率: 7.43 M/s, 平均速率: 5.07 M/s, 最高分辨率: 1920x1080, 平均帧率: 35.00, 视频编解码器: h264, 音频编解码器: aac
分类: 📺央视频道, 名称: CCTV-14, 有效: 3, IPv4: 36, IPv6: 0, 最小延迟: 343 ms, 最高速率: 12.90 M/s, 平均速率: 10.98 M/s, 最高分辨率: 1920x1080, 平均帧率: 37.50, 视频编解码器: h264, 音频编解码器: aac
分类: 📺央视频道, 名称: CCTV-15, 有效: 3, IPv4: 44, IPv6: 0, 最小延迟: 227 ms, 最高速率: 11.04 M/s, 平均速率: 6.81 M/s, 最高分辨率: 1920x1080, 平均帧率: 39.29, 视频编解码器: h264, 音频编解码器: mp2
分类: 📺央视频道, 名称: CCTV-16, 有效: 3, IPv4: 13, IPv6: 0, 最小延迟: 242 ms, 最高速率: 13.11 M/s, 平均速率: 8.24 M/s, 最高分辨率: 1920x1080, 平均帧率: 31.25, 视频编解码器: h264, 音频编解码器: aac
分类: 📺央视频道, 名称: CCTV-17, 有效: 2, IPv4: 24, IPv6: 0, 最小延迟: 221 ms, 最高速率: 8.13 M/s, 平均速率: 5.36 M/s, 最高分辨率: 1920x1080, 平均帧率: 25.00, 视频编解码器: h264, 音频编解码器: aac
分类: 📺央视频道, 名称: CETV-3, 有效: 0, IPv4: 2, IPv6: 0, 最小延迟: -1 ms, 最高速率: 0.00 M/s, 平均速率: 0.00 M/s, 最高分辨率: None, 平均帧率: 未知, 视频编解码器: 未知, 音频编解码器: 未知
分类: 📺央视频道, 名称: CETV-1, 有效: 2, IPv4: 19, IPv6: 0, 最小延迟: 115 ms, 最高速率: 5.35 M/s, 平均速率: 5.21 M/s, 最高分辨率: 1920x1080, 平均帧率: 30.00, 视频编解码器: h264, 音频编解码器: aac
分类: 📺央视频道, 名称: CETV-4, 有效: 0, IPv4: 12, IPv6: 0, 最小延迟: -1 ms, 最高速率: 0.00 M/s, 平均速率: 0.00 M/s, 最高分辨率: None, 平均帧率: 未知, 视频编解码器: 未知, 音频编解码器: 未知
分类: 📺央视频道, 名称: CETV-2, 有效: 2, IPv4: 12, IPv6: 0, 最小延迟: 137 ms, 最高速率: 4.92 M/s, 平均速率: 4.88 M/s, 最高分辨率: 1920x1080, 平均帧率: 30.00, 视频编解码器: h264, 音频编解码器: aac
分类: 📡卫视频道, 名称: 香港卫视, 有效: 0, IPv4: 7, IPv6: 0, 最小延迟: 10973 ms, 最高速率: 0.32 M/s, 平均速率: 0.00 M/s, 最高分辨率: None, 平均帧率: 未知, 视频编解码器: 未知, 音频编解码器: 未知
分类: 📡卫视频道, 名称: 广东卫视, 有效: 2, IPv4: 38, IPv6: 0, 最小延迟: 526 ms, 最高速率: 22.32 M/s, 平均速率: 11.54 M/s, 最高分辨率: 1920x1080, 平均帧率: 37.00, 视频编解码器: h264, 音频编解码器: mp2
分类: 📡卫视频道, 名称: 浙江卫视, 有效: 2, IPv4: 32, IPv6: 0, 最小延迟: 343 ms, 最高速率: 8.04 M/s, 平均速率: 4.51 M/s, 最高分辨率: 1920x1080, 平均帧率: 29.55, 视频编解码器: h264, 音频编解码器: aac
分类: 📡卫视频道, 名称: 湖南卫视, 有效: 3, IPv4: 38, IPv6: 0, 最小延迟: 259 ms, 最高速率: 12.17 M/s, 平均速率: 8.01 M/s, 最高分辨率: 3840x2160, 平均帧率: 35.00, 视频编解码器: h264, 音频编解码器: aac
分类: 📡卫视频道, 名称: 北京卫视, 有效: 4, IPv4: 37, IPv6: 0, 最小延迟: 77 ms, 最高速率: 7.39 M/s, 平均速率: 3.55 M/s, 最高分辨率: 1920x1080, 平均帧率: 42.22, 视频编解码器: h264, 音频编解码器: mp2
分类: 📡卫视频道, 名称: 湖北卫视, 有效: 2, IPv4: 39, IPv6: 0, 最小延迟: 219 ms, 最高速率: 11.37 M/s, 平均速率: 6.94 M/s, 最高分辨率: 1920x1080, 平均帧率: 39.17, 视频编解码器: h264, 音频编解码器: aac
分类: 📡卫视频道, 名称: 黑龙江卫视, 有效: 1, IPv4: 28, IPv6: 0, 最小延迟: 379 ms, 最高速率: 11.59 M/s, 平均速率: 11.59 M/s, 最高分辨率: 1920x1080, 平均帧率: 41.67, 视频编解码器: h264, 音频编解码器: mp2
分类: 📡卫视频道, 名称: 安徽卫视, 有效: 1, IPv4: 28, IPv6: 0, 最小延迟: 213 ms, 最高速率: 2.80 M/s, 平均速率: 2.80 M/s, 最高分辨率: 1920x1080, 平均帧率: 40.00, 视频编解码器: h264, 音频编解码器: mp2
分类: 📡卫视频道, 名称: 重庆卫视, 有效: 3, IPv4: 33, IPv6: 0, 最小延迟: 349 ms, 最高速率: 11.20 M/s, 平均速率: 7.81 M/s, 最高分辨率: 1920x1080, 平均帧率: 37.50, 视频编解码器: h264, 音频编解码器: mp2
分类: 📡卫视频道, 名称: 东方卫视, 有效: 4, IPv4: 34, IPv6: 0, 最小延迟: 294 ms, 最高速率: 7.20 M/s, 平均速率: 5.09 M/s, 最高分辨率: 1920x1080, 平均帧率: 35.50, 视频编解码器: h264, 音频编解码器: aac
分类: 📡卫视频道, 名称: 东南卫视, 有效: 1, IPv4: 23, IPv6: 0, 最小延迟: 217 ms, 最高速率: 2.15 M/s, 平均速率: 2.15 M/s, 最高分辨率: 1920x1080, 平均帧率: 33.33, 视频编解码器: h264, 音频编解码器: mp2
分类: 📡卫视频道, 名称: 甘肃卫视, 有效: 1, IPv4: 21, IPv6: 0, 最小延迟: 187 ms, 最高速率: 1.97 M/s, 平均速率: 1.97 M/s, 最高分辨率: 1280x720, 平均帧率: 25.00, 视频编解码器: h264, 音频编解码器: aac
分类: 📡卫视频道, 名称: 广西卫视, 有效: 3, IPv4: 32, IPv6: 0, 最小延迟: 350 ms, 最高速率: 12.81 M/s, 平均速率: 8.83 M/s, 最高分辨率: 1920x1080, 平均帧率: 30.00, 视频编解码器: h264, 音频编解码器: aac
分类: 📡卫视频道, 名称: 贵州卫视, 有效: 2, IPv4: 30, IPv6: 0, 最小延迟: 354 ms, 最高速率: 10.74 M/s, 平均速率: 6.01 M/s, 最高分辨率: 1920x1080, 平均帧率: 41.67, 视频编解码器: h264, 音频编解码器: mp2
分类: 📡卫视频道, 名称: 海南卫视, 有效: 1, IPv4: 23, IPv6: 0, 最小延迟: 5619 ms, 最高速率: 1.40 M/s, 平均速率: 1.40 M/s, 最高分辨率: 1920x1080, 平均帧率: 25.00, 视频编解码器: h264, 音频编解码器: mp2
分类: 📡卫视频道, 名称: 河北卫视, 有效: 0, IPv4: 24, IPv6: 0, 最小延迟: 838 ms, 最高速率: 0.21 M/s, 平均速率: 0.00 M/s, 最高分辨率: 1920x1080, 平均帧率: 37.50, 视频编解码器: h264, 音频编解码器: mp2
分类: 📡卫视频道, 名称: 河南卫视, 有效: 2, IPv4: 33, IPv6: 0, 最小延迟: 289 ms, 最高速率: 3.07 M/s, 平均速率: 1.84 M/s, 最高分辨率: 1920x1080, 平均帧率: 45.00, 视频编解码器: h264, 音频编解码器: aac
分类: 📡卫视频道, 名称: 吉林卫视, 有效: 1, IPv4: 26, IPv6: 0, 最小延迟: 245 ms, 最高速率: 3.51 M/s, 平均速率: 3.51 M/s, 最高分辨率: 1280x720, 平均帧率: 25.00, 视频编解码器: h264, 音频编解码器: mp2
分类: 📡卫视频道, 名称: 江苏卫视, 有效: 3, IPv4: 35, IPv6: 0, 最小延迟: 210 ms, 最高速率: 11.15 M/s, 平均速率: 5.20 M/s, 最高分辨率: 1920x1080, 平均帧率: 36.00, 视频编解码器: h264, 音频编解码器: aac
分类: 📡卫视频道, 名称: 江西卫视, 有效: 2, IPv4: 36, IPv6: 0, 最小延迟: 236 ms, 最高速率: 2.76 M/s, 平均速率: 1.90 M/s, 最高分辨率: 1920x1080, 平均帧率: 39.29, 视频编解码器: h264, 音频编解码器: mp2
分类: 📡卫视频道, 名称: 辽宁卫视, 有效: 1, IPv4: 30, IPv6: 0, 最小延迟: 234 ms, 最高速率: 3.34 M/s, 平均速率: 3.34 M/s, 最高分辨率: 1920x1080, 平均帧率: 41.67, 视频编解码器: h264, 音频编解码器: mp2
分类: 📡卫视频道, 名称: 内蒙古卫视, 有效: 2, IPv4: 27, IPv6: 0, 最小延迟: 218 ms, 最高速率: 10.27 M/s, 平均速率: 6.71 M/s, 最高分辨率: 1920x1080, 平均帧率: 30.00, 视频编解码器: h264, 音频编解码器: mp2
分类: 📡卫视频道, 名称: 宁夏卫视, 有效: 2, IPv4: 25, IPv6: 0, 最小延迟: 240 ms, 最高速率: 10.39 M/s, 平均速率: 6.44 M/s, 最高分辨率: 1920x1080, 平均帧率: 35.00, 视频编解码器: h264, 音频编解码器: mp2
分类: 📡卫视频道, 名称: 青海卫视, 有效: 4, IPv4: 24, IPv6: 0, 最小延迟: 339 ms, 最高速率: 12.91 M/s, 平均速率: 9.31 M/s, 最高分辨率: 1920x1080, 平均帧率: 33.33, 视频编解码器: h264, 音频编解码器: aac
分类: 📡卫视频道, 名称: 山东卫视, 有效: 2, IPv4: 25, IPv6: 0, 最小延迟: 270 ms, 最高速率: 10.24 M/s, 平均速率: 6.78 M/s, 最高分辨率: 1920x1080, 平均帧率: 35.71, 视频编解码器: h264, 音频编解码器: mp2
分类: 📡卫视频道, 名称: 山西卫视, 有效: 1, IPv4: 22, IPv6: 0, 最小延迟: 2784 ms, 最高速率: 1.43 M/s, 平均速率: 1.43 M/s, 最高分辨率: 1920x1080, 平均帧率: 25.00, 视频编解码器: h264, 音频编解码器: aac
分类: 📡卫视频道, 名称: 陕西卫视, 有效: 3, IPv4: 25, IPv6: 0, 最小延迟: 223 ms, 最高速率: 11.42 M/s, 平均速率: 5.81 M/s, 最高分辨率: 1920x1080, 平均帧率: 33.75, 视频编解码器: h264, 音频编解码器: aac
分类: 📡卫视频道, 名称: 四川卫视, 有效: 1, IPv4: 36, IPv6: 0, 最小延迟: 258 ms, 最高速率: 3.96 M/s, 平均速率: 3.96 M/s, 最高分辨率: 1920x1080, 平均帧率: 36.67, 视频编解码器: h264, 音频编解码器: aac
分类: 📡卫视频道, 名称: 三沙卫视, 有效: 1, IPv4: 8, IPv6: 0, 最小延迟: 257 ms, 最高速率: 3.37 M/s, 平均速率: 3.37 M/s, 最高分辨率: 1280x720, 平均帧率: 25.00, 视频编解码器: h264, 音频编解码器: aac
分类: 📡卫视频道, 名称: 深圳卫视, 有效: 3, IPv4: 29, IPv6: 0, 最小延迟: 183 ms, 最高速率: 11.77 M/s, 平均速率: 4.85 M/s, 最高分辨率: 1920x1080, 平均帧率: 35.00, 视频编解码器: h264, 音频编解码器: mp2
分类: 📡卫视频道, 名称: 天津卫视, 有效: 2, IPv4: 26, IPv6: 0, 最小延迟: 268 ms, 最高速率: 11.48 M/s, 平均速率: 7.62 M/s, 最高分辨率: 1920x1080, 平均帧率: 35.71, 视频编解码器: h264, 音频编解码器: mp2
分类: 📡卫视频道, 名称: 西藏卫视, 有效: 1, IPv4: 24, IPv6: 0, 最小延迟: 374 ms, 最高速率: 11.81 M/s, 平均速率: 11.81 M/s, 最高分辨率: 1920x1080, 平均帧率: 37.50, 视频编解码器: h264, 音频编解码器: aac
分类: 📡卫视频道, 名称: 新疆卫视, 有效: 2, IPv4: 31, IPv6: 0, 最小延迟: 369 ms, 最高速率: 12.68 M/s, 平均速率: 7.02 M/s, 最高分辨率: 1920x1080, 平均帧率: 31.25, 视频编解码器: h264, 音频编解码器: aac
分类: ☘️广东频道, 名称: 广东珠江, 有效: 2, IPv4: 5, IPv6: 0, 最小延迟: 132 ms, 最高速率: 5.03 M/s, 平均速率: 4.92 M/s, 最高分辨率: 1920x1080, 平均帧率: 30.00, 视频编解码器: h264, 音频编解码器: aac
分类: ☘️广东频道, 名称: 广东新闻, 有效: 1, IPv4: 3, IPv6: 0, 最小延迟: 205 ms, 最高速率: 2.03 M/s, 平均速率: 2.03 M/s, 最高分辨率: 1280x720, 平均帧率: 25.00, 视频编解码器: h264, 音频编解码器: aac
分类: 📡卫视频道, 名称: 云南卫视, 有效: 2, IPv4: 27, IPv6: 0, 最小延迟: 214 ms, 最高速率: 2.19 M/s, 平均速率: 1.76 M/s, 最高分辨率: 1920x1080, 平均帧率: 40.00, 视频编解码器: h264, 音频编解码器: mp2
分类: ☘️广东频道, 名称: 广东体育, 有效: 0, IPv4: 4, IPv6: 0, 最小延迟: 2470 ms, 最高速率: 0.08 M/s, 平均速率: 0.00 M/s, 最高分辨率: 1920x1080, 平均帧率: 25.00, 视频编解码器: h264, 音频编解码器: mp2
分类: ☘️广东频道, 名称: 广州综合, 有效: 1, IPv4: 1, IPv6: 0, 最小延迟: 1824 ms, 最高速率: 0.38 M/s, 平均速率: 0.38 M/s, 最高分辨率: 1280x720, 平均帧率: 25.00, 视频编解码器: h264, 音频编解码器: aac
分类: ☘️广东频道, 名称: 广州影视, 有效: 0, IPv4: 1, IPv6: 0, 最小延迟: -1 ms, 最高速率: 0.00 M/s, 平均速率: 0.00 M/s, 最高分辨率: None, 平均帧率: 未知, 视频编解码器: 未知, 音频编解码器: 未知
分类: ☘️广东频道, 名称: 广东民生, 有效: 0, IPv4: 2, IPv6: 0, 最小延迟: 10938 ms, 最高速率: 0.05 M/s, 平均速率: 0.00 M/s, 最高分辨率: None, 平均帧率: 未知, 视频编解码器: 未知, 音频编解码器: 未知
分类: ☘️广东频道, 名称: 大湾区卫视, 有效: 0, IPv4: 7, IPv6: 0, 最小延迟: 10098 ms, 最高速率: 0.09 M/s, 平均速率: 0.00 M/s, 最高分辨率: 1920x1080, 平均帧率: 25.00, 视频编解码器: h264, 音频编解码器: aac
分类: ☘️广东频道, 名称: 广州竞赛, 有效: 1, IPv4: 1, IPv6: 0, 最小延迟: 451 ms, 最高速率: 10.82 M/s, 平均速率: 10.82 M/s, 最高分辨率: 1280x720, 平均帧率: 25.00, 视频编解码器: h264, 音频编解码器: aac
